Microchip MPLAB XC8 Compiler V2.45

Linker command line:

-W-3 \
  --edf=C:\Program Files\Microchip\xc8\v2.45\pic\dat\20230818022343_en.msgs \
  -pivt0x8=08h -cn -h+dist/default/production\INX_Cont.X.production.sym \
  --cmf=dist/default/production\INX_Cont.X.production.cmf -z -Q18F27K42 \
  -oC:\Users\physi\AppData\Local\Temp\xcAsqo.\driver_tmp_3.o \
  --defsym=__MPLAB_BUILD=1 --fixupoverflow=error \
  -Mdist/default/production/INX_Cont.X.production.map \
  --md=C:\Users\physi\AppData\Local\Temp\xcAsqo.\driver_tmp_0.dat -E1 \
  -ver=XC8 Compiler --acfsm=1493 -ACODE=00h-01FFFFh -ACONST=00h-01FFFFh \
  -ASMALLCONST=02000h-020FFhx480 \
  -AMEDIUMCONST=02000h-0FFFFh,012000h-01FFFFh -ACOMRAM=01h-05Fh \
  -AABS1=00h-01FFFh -ABIGRAM=01h-01FFFh -ARAM=060h-0FFh,0100h-01FFhx31 \
  -ABANK0=060h-0FFh -ABANK1=0100h-01FFh -ABANK2=0200h-02FFh \
  -ABANK3=0300h-03FFh -ABANK4=0400h-04FFh -ABANK5=0500h-05FFh \
  -ABANK6=0600h-06FFh -ABANK7=0700h-07FFh -ABANK8=0800h-08FFh \
  -ABANK9=0900h-09FFh -ABANK10=0A00h-0AFFh -ABANK11=0B00h-0BFFh \
  -ABANK12=0C00h-0CFFh -ABANK13=0D00h-0DFFh -ABANK14=0E00h-0EFFh \
  -ABANK15=0F00h-0FFFh -ABANK16=01000h-010FFh -ABANK17=01100h-011FFh \
  -ABANK18=01200h-012FFh -ABANK19=01300h-013FFh -ABANK20=01400h-014FFh \
  -ABANK21=01500h-015FFh -ABANK22=01600h-016FFh -ABANK23=01700h-017FFh \
  -ABANK24=01800h-018FFh -ABANK25=01900h-019FFh -ABANK26=01A00h-01AFFh \
  -ABANK27=01B00h-01BFFh -ABANK28=01C00h-01CFFh -ABANK29=01D00h-01DFFh \
  -ABANK30=01E00h-01EFFh -ABANK31=01F00h-01FFFh \
  -ASFR=03800h-038FFhx7,03F00h-03F5Fh,03F60h-03FFFh -ABIGSFR=03800h-03FFFh \
  -ACONFIG=0300000h-0300009h -AIDLOC=0200000h-020000Fh \
  -AEEDATA=0310000h-03103FFh -peeprom_data=EEDATA -preset_vec=00h \
  -ppowerup=CODE,init -pramtop=02000h -psmallconst=SMALLCONST \
  -pmediumconst=MEDIUMCONST -pconst=CONST -AFARRAM=00h-00h \
  -prdata=COMRAM,nvrram=COMRAM,nvbit=COMRAM,rbss=COMRAM,rbit=COMRAM \
  -pfarbss=FARRAM,fardata=FARRAM,nvFARRAM=FARRAM \
  -pintsave_regs=BIGRAM,bigbss=BIGRAM,bigdata=BIGRAM -pbss=RAM \
  -pidata=CODE,irdata=CODE,ibigdata=CODE,ifardata=CODE -prparam=COMRAM \
  C:\Users\physi\AppData\Local\Temp\xcAsqo.\driver_tmp_9.o \
  dist/default/production\INX_Cont.X.production.o 

Object code version is 3.11

Machine type is 18F27K42



                Name                               Link     Load   Length Selector   Space Scale
C:\Users\physi\AppData\Local\Temp\xcAsqo.\driver_tmp_9.o
                config                           300000   300000        A        0       4
                init                                 1A       1A        4        4       0
                reset_vec                             0        0        4        0       0
dist/default/production\INX_Cont.X.production.o
                config                           300000   300000        A        0       4
                smallconst                         2000     2000       3C     1000       0
                ivt0x8                                8        8       12        4       0
                text167                            294A     294A      39A     101E       0
                text166                            3BD8     3BD8      104     101E       0
                text165                            24FC     24FC      44E     101E       0
                text164                            203C     203C      4C0     101E       0
                text163                            4FD4     4FD4       46     101E       0
                text162                            3AD2     3AD2      106     101E       0
                text161                            3408     3408      1B4     101E       0
                text160                            2CE4     2CE4      330     101E       0
                text159                            469C     469C       80     101E       0
                text158                            514A     514A       34     101E       0
                text157                            59B6     59B6        8     101E       0
                text156                            5938     5938        C     101E       0
                text155                            55C6     55C6       1E     101E       0
                text154                            53F0     53F0       2C     101E       0
                text153                            5A30     5A30        6     101E       0
                text152                            5A2A     5A2A        6     101E       0
                text151                            5A24     5A24        6     101E       0
                text150                            5820     5820       16     101E       0
                text149                            580A     580A       16     101E       0
                text148                            57F4     57F4       16     101E       0
                text147                            4EE4     4EE4       52     101E       0
                text146                            5506     5506       24     101E       0
                text145                            4892     4892       7A     101E       0
                text144                            5638     5638       1C     101E       0
                text143                            5336     5336       30     101E       0
                text142                            5306     5306       30     101E       0
                text141                            52D6     52D6       30     101E       0
                text140                            52A6     52A6       30     101E       0
                text139                            4F36     4F36       50     101E       0
                text138                            5688     5688       1A     101E       0
                text137                            5A46     5A46        4     101E       0
                text136                            5A42     5A42        4     101E       0
                text135                            596C     596C        A     101E       0
                text134                            5A1E     5A1E        6     101E       0
                text133                            5A18     5A18        6     101E       0
                text132                            5962     5962        A     101E       0
                text131                            5958     5958        A     101E       0
                text130                            5A12     5A12        6     101E       0
                text129                            57DE     57DE       16     101E       0
                text128                            5A0C     5A0C        6     101E       0
                text127                            5A06     5A06        6     101E       0
                text126                            5A00     5A00        6     101E       0
                text125                            59FA     59FA        6     101E       0
                text124                            57C8     57C8       16     101E       0
                text123                            57B2     57B2       16     101E       0
                text122                            59AE     59AE        8     101E       0
                text121                            592C     592C        C     101E       0
                text120                            53C2     53C2       2E     101E       0
                text119                            579C     579C       16     101E       0
                text118                            38A4     38A4      126     101E       0
                text117                            4354     4354       9E     101E       0
                text116                            479A     479A       7E     101E       0
                text115                            4212     4212       A4     101E       0
                text114                            58EE     58EE        E     101E       0
                text113                            5A3E     5A3E        4     101E       0
                text112                            5A3A     5A3A        4     101E       0
                text111                            5470     5470       28     101E       0
                text110                            59A6     59A6        8     101E       0
                text109                            58E0     58E0        E     101E       0
                text108                            599E     599E        8     101E       0
                text107                            587C     587C       10     101E       0
                text106                            4AE4     4AE4       6E     101E       0
                text105                            49FA     49FA       76     101E       0
                text104                            586C     586C       10     101E       0
                text103                            4A70     4A70       74     101E       0
                text102                            4D8A     4D8A       5C     101E       0
                text101                            55A8     55A8       1E     101E       0
                text100                            4E92     4E92       52     101E       0
                text99                             5996     5996        8     101E       0
                text98                             598E     598E        8     101E       0
                text97                             5394     5394       2E     101E       0
                text96                             416E     416E       A4     101E       0
                text95                             561C     561C       1C     101E       0
                text94                             35BC     35BC      1A0     101E       0
                text93                             3014     3014      224     101E       0
                text92                             42B6     42B6       9E     101E       0
                text91                             4B52     4B52       64     101E       0
                text90                             39CA     39CA      108     101E       0
                text89                             3DC6     3DC6       E0     101E       0
                text88                             4DE6     4DE6       5A     101E       0
                text87                             5A50     5A50        2     2D27       0
                text86                             5214     5214       32     101E       0
                text85                             5276     5276       30     101E       0
                text84                             5A4E     5A4E        2     2D27       0
                text83                             51E2     51E2       32     101E       0
                text82                             594E     594E        A     101E       0
                text81                             43F2     43F2       90     101E       0
                text80                             5986     5986        8     101E       0
                text79                             5920     5920        C     101E       0
                text78                             558A     558A       1E     101E       0
                text77                             5246     5246       30     101E       0
                text76                             59F4     59F4        6     101E       0
                text75                             59EE     59EE        6     101E       0
                text74                             59E8     59E8        6     101E       0
                text73                             5786     5786       16     101E       0
                text72                             5770     5770       16     101E       0
                text71                             575A     575A       16     101E       0
                text70                             4E40     4E40       52     101E       0
                text69                             54E2     54E2       24     101E       0
                text68                             471C     471C       7E     101E       0
                text67                             5600     5600       1C     101E       0
                text66                             50D4     50D4       3E     101E       0
                text65                             5096     5096       3E     101E       0
                text64                             5058     5058       3E     101E       0
                text63                             501A     501A       3E     101E       0
                text62                             4C74     4C74       5E     101E       0
                text61                             5498     5498       26     101E       0
                text60                             58D2     58D2        E     101E       0
                text59                             58C4     58C4        E     101E       0
                text58                             5944     5944        A     101E       0
                text57                             59E2     59E2        6     101E       0
                text56                             59DC     59DC        6     101E       0
                text55                             5914     5914        C     101E       0
                text54                             5908     5908        C     101E       0
                text53                             59D6     59D6        6     101E       0
                text52                             5744     5744       16     101E       0
                text51                             59D0     59D0        6     101E       0
                text50                             59CA     59CA        6     101E       0
                text49                             59C4     59C4        6     101E       0
                text48                             59BE     59BE        6     101E       0
                text47                             572E     572E       16     101E       0
                text46                             5718     5718       16     101E       0
                text45                             585A     585A       12     101E       0
                text44                             5702     5702       16     101E       0
                text43                             5112     5112       38     101E       0
                text42                             554C     554C       20     101E       0
                text41                             375C     375C      148     101E       0
                text40                             3EA6     3EA6       B8     101E       0
                text39                             4482     4482       8A     101E       0
                text38                             4012     4012       B0     101E       0
                text37                             56EA     56EA       18     101E       0
                text36                             58B6     58B6        E     101E       0
                text35                             58A8     58A8        E     101E       0
                text34                             51B0     51B0       32     101E       0
                text33                             5848     5848       12     101E       0
                text32                             56D2     56D2       18     101E       0
                text31                             5836     5836       12     101E       0
                text30                             566E     566E       1A     101E       0
                text29                             4818     4818       7A     101E       0
                text28                             461A     461A       82     101E       0
                text27                             5654     5654       1A     101E       0
                text26                             4984     4984       76     101E       0
                text25                             4D2E     4D2E       5C     101E       0
                text24                             556C     556C       1E     101E       0
                text23                             4C16     4C16       5E     101E       0
                text22                             597E     597E        8     101E       0
                text21                             5976     5976        8     101E       0
                text20                             5366     5366       2E     101E       0
                text19                             40C2     40C2       AC     101E       0
                text18                             55E4     55E4       1C     101E       0
                text17                             3238     3238      1D0     101E       0
                text16                             4F86     4F86       4E     101E       0
                text15                             4594     4594       86     101E       0
                text14                             3F5E     3F5E       B4     101E       0
                text13                             4CD2     4CD2       5C     101E       0
                text12                             552A     552A       22     101E       0
                text11                             5A36     5A36        4     101E       0
                text10                             56BA     56BA       18     101E       0
                text9                              490C     490C       78     101E       0
                text8                              54BE     54BE       24     101E       0
                text7                              56A2     56A2       18     101E       0
                text6                              589A     589A        E     101E       0
                text5                              5446     5446       2A     101E       0
                text4                              588C     588C        E     101E       0
                text3                              517E     517E       32     101E       0
                text2                              58FC     58FC        C     101E       0
                text1                              541C     541C       2A     101E       0
                text0                              3CDC     3CDC       EA     101E       0
                cstackCOMRAM                          1        1       5F        1       1
                cstackBANK0                          9A       9A       3A       60       1
                cstackBANK1                         1F5      1F5        B      100       1
                cstackBANK2                         2C8      2C8       22      200       1
                bssBANK3                            300      300       80      300       1
                bssBANK2                            200      200       C8      200       1
                dataBANK1                           189      189       60      100       1
                bssBANK1                            100      100       89      100       1
                dataBANK0                            D4       D4        3       60       1
                bssBANK0                             60       60       3A       60       1
                cinit                              450C     450C       88     101E       0
                nvBANK1                             1E9      1E9        C      100       1
                idataBANK1                         4BB6     4BB6       60     101E       0
                idataBANK0                         5A4A     5A4A        3     101E       0

TOTAL           Name                               Link     Load   Length     Space
        CLASS   CODE           
                init                                 1A       1A        4         0
                reset_vec                             0        0        4         0
                ivt0x8                                8        8       12         0
                text167                            294A     294A      39A         0
                text166                            3BD8     3BD8      104         0
                text165                            24FC     24FC      44E         0
                text164                            203C     203C      4C0         0
                text163                            4FD4     4FD4       46         0
                text162                            3AD2     3AD2      106         0
                text161                            3408     3408      1B4         0
                text160                            2CE4     2CE4      330         0
                text159                            469C     469C       80         0
                text158                            514A     514A       34         0
                text157                            59B6     59B6        8         0
                text156                            5938     5938        C         0
                text155                            55C6     55C6       1E         0
                text154                            53F0     53F0       2C         0
                text153                            5A30     5A30        6         0
                text152                            5A2A     5A2A        6         0
                text151                            5A24     5A24        6         0
                text150                            5820     5820       16         0
                text149                            580A     580A       16         0
                text148                            57F4     57F4       16         0
                text147                            4EE4     4EE4       52         0
                text146                            5506     5506       24         0
                text145                            4892     4892       7A         0
                text144                            5638     5638       1C         0
                text143                            5336     5336       30         0
                text142                            5306     5306       30         0
                text141                            52D6     52D6       30         0
                text140                            52A6     52A6       30         0
                text139                            4F36     4F36       50         0
                text138                            5688     5688       1A         0
                text137                            5A46     5A46        4         0
                text136                            5A42     5A42        4         0
                text135                            596C     596C        A         0
                text134                            5A1E     5A1E        6         0
                text133                            5A18     5A18        6         0
                text132                            5962     5962        A         0
                text131                            5958     5958        A         0
                text130                            5A12     5A12        6         0
                text129                            57DE     57DE       16         0
                text128                            5A0C     5A0C        6         0
                text127                            5A06     5A06        6         0
                text126                            5A00     5A00        6         0
                text125                            59FA     59FA        6         0
                text124                            57C8     57C8       16         0
                text123                            57B2     57B2       16         0
                text122                            59AE     59AE        8         0
                text121                            592C     592C        C         0
                text120                            53C2     53C2       2E         0
                text119                            579C     579C       16         0
                text118                            38A4     38A4      126         0
                text117                            4354     4354       9E         0
                text116                            479A     479A       7E         0
                text115                            4212     4212       A4         0
                text114                            58EE     58EE        E         0
                text113                            5A3E     5A3E        4         0
                text112                            5A3A     5A3A        4         0
                text111                            5470     5470       28         0
                text110                            59A6     59A6        8         0
                text109                            58E0     58E0        E         0
                text108                            599E     599E        8         0
                text107                            587C     587C       10         0
                text106                            4AE4     4AE4       6E         0
                text105                            49FA     49FA       76         0
                text104                            586C     586C       10         0
                text103                            4A70     4A70       74         0
                text102                            4D8A     4D8A       5C         0
                text101                            55A8     55A8       1E         0
                text100                            4E92     4E92       52         0
                text99                             5996     5996        8         0
                text98                             598E     598E        8         0
                text97                             5394     5394       2E         0
                text96                             416E     416E       A4         0
                text95                             561C     561C       1C         0
                text94                             35BC     35BC      1A0         0
                text93                             3014     3014      224         0
                text92                             42B6     42B6       9E         0
                text91                             4B52     4B52       64         0
                text90                             39CA     39CA      108         0
                text89                             3DC6     3DC6       E0         0
                text88                             4DE6     4DE6       5A         0
                text87                             5A50     5A50        2         0
                text86                             5214     5214       32         0
                text85                             5276     5276       30         0
                text84                             5A4E     5A4E        2         0
                text83                             51E2     51E2       32         0
                text82                             594E     594E        A         0
                text81                             43F2     43F2       90         0
                text80                             5986     5986        8         0
                text79                             5920     5920        C         0
                text78                             558A     558A       1E         0
                text77                             5246     5246       30         0
                text76                             59F4     59F4        6         0
                text75                             59EE     59EE        6         0
                text74                             59E8     59E8        6         0
                text73                             5786     5786       16         0
                text72                             5770     5770       16         0
                text71                             575A     575A       16         0
                text70                             4E40     4E40       52         0
                text69                             54E2     54E2       24         0
                text68                             471C     471C       7E         0
                text67                             5600     5600       1C         0
                text66                             50D4     50D4       3E         0
                text65                             5096     5096       3E         0
                text64                             5058     5058       3E         0
                text63                             501A     501A       3E         0
                text62                             4C74     4C74       5E         0
                text61                             5498     5498       26         0
                text60                             58D2     58D2        E         0
                text59                             58C4     58C4        E         0
                text58                             5944     5944        A         0
                text57                             59E2     59E2        6         0
                text56                             59DC     59DC        6         0
                text55                             5914     5914        C         0
                text54                             5908     5908        C         0
                text53                             59D6     59D6        6         0
                text52                             5744     5744       16         0
                text51                             59D0     59D0        6         0
                text50                             59CA     59CA        6         0
                text49                             59C4     59C4        6         0
                text48                             59BE     59BE        6         0
                text47                             572E     572E       16         0
                text46                             5718     5718       16         0
                text45                             585A     585A       12         0
                text44                             5702     5702       16         0
                text43                             5112     5112       38         0
                text42                             554C     554C       20         0
                text41                             375C     375C      148         0
                text40                             3EA6     3EA6       B8         0
                text39                             4482     4482       8A         0
                text38                             4012     4012       B0         0
                text37                             56EA     56EA       18         0
                text36                             58B6     58B6        E         0
                text35                             58A8     58A8        E         0
                text34                             51B0     51B0       32         0
                text33                             5848     5848       12         0
                text32                             56D2     56D2       18         0
                text31                             5836     5836       12         0
                text30                             566E     566E       1A         0
                text29                             4818     4818       7A         0
                text28                             461A     461A       82         0
                text27                             5654     5654       1A         0
                text26                             4984     4984       76         0
                text25                             4D2E     4D2E       5C         0
                text24                             556C     556C       1E         0
                text23                             4C16     4C16       5E         0
                text22                             597E     597E        8         0
                text21                             5976     5976        8         0
                text20                             5366     5366       2E         0
                text19                             40C2     40C2       AC         0
                text18                             55E4     55E4       1C         0
                text17                             3238     3238      1D0         0
                text16                             4F86     4F86       4E         0
                text15                             4594     4594       86         0
                text14                             3F5E     3F5E       B4         0
                text13                             4CD2     4CD2       5C         0
                text12                             552A     552A       22         0
                text11                             5A36     5A36        4         0
                text10                             56BA     56BA       18         0
                text9                              490C     490C       78         0
                text8                              54BE     54BE       24         0
                text7                              56A2     56A2       18         0
                text6                              589A     589A        E         0
                text5                              5446     5446       2A         0
                text4                              588C     588C        E         0
                text3                              517E     517E       32         0
                text2                              58FC     58FC        C         0
                text1                              541C     541C       2A         0
                text0                              3CDC     3CDC       EA         0
                cinit                              450C     450C       88         0
                idataBANK1                         4BB6     4BB6       60         0
                idataBANK0                         5A4A     5A4A        3         0

        CLASS   CONST          

        CLASS   SMALLCONST     
                smallconst                         2000     2000       3C         0

        CLASS   MEDIUMCONST    

        CLASS   COMRAM         
                cstackCOMRAM                          1        1       5F         1

        CLASS   ABS1           

        CLASS   BIGRAM         

        CLASS   RAM            

        CLASS   BANK0          
                cstackBANK0                          9A       9A       3A         1
                dataBANK0                            D4       D4        3         1
                bssBANK0                             60       60       3A         1

        CLASS   BANK1          
                cstackBANK1                         1F5      1F5        B         1
                dataBANK1                           189      189       60         1
                bssBANK1                            100      100       89         1
                nvBANK1                             1E9      1E9        C         1

        CLASS   BANK2          
                cstackBANK2                         2C8      2C8       22         1
                bssBANK2                            200      200       C8         1

        CLASS   BANK3          
                bssBANK3                            300      300       80         1

        CLASS   BANK4          

        CLASS   BANK5          

        CLASS   BANK6          

        CLASS   BANK7          

        CLASS   BANK8          

        CLASS   BANK9          

        CLASS   BANK10         

        CLASS   BANK11         

        CLASS   BANK12         

        CLASS   BANK13         

        CLASS   BANK14         

        CLASS   BANK15         

        CLASS   BANK16         

        CLASS   BANK17         

        CLASS   BANK18         

        CLASS   BANK19         

        CLASS   BANK20         

        CLASS   BANK21         

        CLASS   BANK22         

        CLASS   BANK23         

        CLASS   BANK24         

        CLASS   BANK25         

        CLASS   BANK26         

        CLASS   BANK27         

        CLASS   BANK28         

        CLASS   BANK29         

        CLASS   BANK30         

        CLASS   BANK31         

        CLASS   SFR            

        CLASS   BIGSFR         

        CLASS   CONFIG         
                config                           300000   300000        A         4

        CLASS   IDLOC          

        CLASS   EEDATA         

        CLASS   FARRAM         

        CLASS   HEAP           

        CLASS   STACK          



SEGMENTS        Name                           Load    Length   Top    Selector   Space  Class

                reset_vec                      000000  000004  000004         0       0  CODE    
                cstackCOMRAM                   000001  00005F  000060         1       1  COMRAM  
                ivt0x8                         000008  000016  00001E         4       0  CODE    
                bssBANK0                       000060  000077  0000D7        60       1  BANK0   
                bssBANK1                       000100  000100  000200       100       1  BANK1   
                bssBANK2                       000200  0000EA  0002EA       200       1  BANK2   
                bssBANK3                       000300  000080  000380       300       1  BANK3   
                smallconst                     002000  00003C  00203C      1000       0  SMALLCON
                text164                        00203C  003A11  005A4D      101E       0  CODE    
                text84                         005A4E  000004  005A52      2D27       0  CODE    


UNUSED ADDRESS RANGES

        Name                Unused          Largest block    Delta
        BANK0            0000D7-0000FF               29
        BANK10           000A00-000AFF              100
        BANK11           000B00-000BFF              100
        BANK12           000C00-000CFF              100
        BANK13           000D00-000DFF              100
        BANK14           000E00-000EFF              100
        BANK15           000F00-000FFF              100
        BANK16           001000-0010FF              100
        BANK17           001100-0011FF              100
        BANK18           001200-0012FF              100
        BANK19           001300-0013FF              100
        BANK2            0002EA-0002FF               16
        BANK20           001400-0014FF              100
        BANK21           001500-0015FF              100
        BANK22           001600-0016FF              100
        BANK23           001700-0017FF              100
        BANK24           001800-0018FF              100
        BANK25           001900-0019FF              100
        BANK26           001A00-001AFF              100
        BANK27           001B00-001BFF              100
        BANK28           001C00-001CFF              100
        BANK29           001D00-001DFF              100
        BANK3            000380-0003FF               80
        BANK30           001E00-001EFF              100
        BANK31           001F00-001FFF              100
        BANK4            000400-0004FF              100
        BANK5            000500-0005FF              100
        BANK6            000600-0006FF              100
        BANK7            000700-0007FF              100
        BANK8            000800-0008FF              100
        BANK9            000900-0009FF              100
        BIGRAM           0000D7-0000FF               29
                         0002EA-0002FF               16
                         000380-001FFF             1C80
        BIGSFR           003800-003FFF              800
        CODE             000004-000007                4
                         00001E-001FFF             1FE2
                         005A4D-005A4D                1
                         005A52-01FFFF            1A5AE
        CONST            000004-000007                4
                         00001E-001FFF             1FE2
                         005A4D-005A4D                1
                         005A52-01FFFF            1A5AE
        EEDATA           310000-3103FF              400
        IDLOC            200000-20000F               10
        MEDIUMCONST      005A4D-005A4D                1
                         005A52-00FFFF             A5AE
                         012000-01FFFF             E000
        RAM              0000D7-0000FF               29
                         0002EA-0002FF               16
                         000380-001FFF              100
        SFR              003800-003FFF              100
        SMALLCONST       005A4D-005A4D                1
                         005A52-01FFFF              100

                                  Symbol Table

?_ALS_Read                                cstackBANK2  0002D5
?_GPIO_BL_PWM_Value                       cstackCOMRAM 000001
?_LUT                                     cstackCOMRAM 000050
?_PWM_Data_collection                     cstackCOMRAM 00004B
?___fladd                                 cstackCOMRAM 000001
?___fldiv                                 cstackCOMRAM 000019
?___flmul                                 cstackCOMRAM 000019
?___flsub                                 cstackCOMRAM 000011
?___fltol                                 cstackCOMRAM 000032
?___lwmod                                 cstackCOMRAM 000001
?___xxtofl                                cstackCOMRAM 000001
?_calculate_moving_average                cstackCOMRAM 00003C
?_linear_interpolation                    cstackCOMRAM 00003C
?i2_ALS_Read                              cstackCOMRAM 000019
ALS_Read@i2c1_ctrl_addr                   cstackBANK2  0002DB
ALS_Read@myData                           cstackBANK2  0002DC
ALS_Read@onetimemeasure                   cstackBANK2  0002DF
ALS_Read@p_value                          cstackBANK2  0002D9
ALS_Read@present                          cstackBANK2  0002E2
ALS_Read@pwron                            cstackBANK2  0002DE
ALS_Read@returnValue                      cstackBANK2  0002E0
ALS_moving_average@ALS                    cstackCOMRAM 00005A
BL_I2C1_WriteByteRegister@address         cstackBANK2  0002D9
BL_I2C1_WriteByteRegister@data            cstackBANK2  0002D5
BL_I2C1_WriteByteRegister@len             cstackBANK2  0002D7
BL_I2C1_WriteByteRegister@present         cstackBANK2  0002DA
GPIO_BL_PWM_Value@GPIO_PWM_Value          cstackCOMRAM 000006
GPIO_BL_PWM_Value@PWM_N                   cstackCOMRAM 000005
GPIO_BL_PWM_Value@PWM_P                   cstackCOMRAM 000008
GPIO_BL_PWM_Value@PWM_sum                 cstackCOMRAM 000009
GPIO_BL_PWM_Value@i                       cstackCOMRAM 00000B
GPIO_BL_PWM_Value@j                       cstackCOMRAM 00000C
I2C1_CallbackReturnReset@funPtr           cstackBANK2  0002C8
I2C1_Close@returnValue                    cstackBANK1  0001F5
I2C1_DO_RX@retFsmState                    cstackBANK2  0002D0
I2C1_DO_TX@dataTx                         cstackBANK2  0002CE
I2C1_DO_TX@retFsmState                    cstackBANK2  0002CF
I2C1_MasterOperation@read                 cstackBANK2  0002D3
I2C1_MasterOperation@returnValue          cstackBANK2  0002D4
I2C1_MasterSendTxData@data                cstackBANK1  0001F5
I2C1_MasterSetCounter@counter             cstackBANK1  0001F5
I2C1_Open@address                         cstackBANK1  0001F5
I2C1_Open@returnValue                     cstackBANK1  0001F6
I2C1_SetAddressNackCallback@cb            cstackBANK1  0001FB
I2C1_SetAddressNackCallback@ptr           cstackBANK1  0001FE
I2C1_SetBuffer@buffer                     cstackBANK1  0001F5
I2C1_SetBuffer@bufferSize                 cstackBANK1  0001F7
I2C1_SetCallback@cb                       cstackBANK1  0001F5
I2C1_SetCallback@idx                      cstackBANK1  0001FA
I2C1_SetCallback@ptr                      cstackBANK1  0001F8
I2C1_SetDataCompleteCallback@cb           cstackBANK1  0001FB
I2C1_SetDataCompleteCallback@ptr          cstackBANK1  0001FE
INNOGL_CheckNACK@i                        cstackBANK2  0002E6
INTSTAT_ADDR                              (abs)        0000D3
IVTBASEH                                  (abs)        003FD6
IVTBASEL                                  (abs)        003FD5
IVTBASEU                                  (abs)        003FD7
LUT@als_pwm_value                         cstackBANK0  0000A6
LUT@move_average                          cstackBANK0  00009A
LUT@move_average_sum                      cstackCOMRAM 000050
PWM5_LoadDutyValue@dutyValue              cstackCOMRAM 000001
PWM_Data_collection@F16169                bssBANK1     000128
PWM_Data_collection@PWM_index             cstackBANK0  0000CA
PWM_Data_collection@count                 cstackBANK0  0000CC
PWM_Data_collection@data_pwm              cstackBANK0  00009A
PWM_Data_collection@i                     cstackBANK0  0000C8
PWM_Data_collection@moving_average1       cstackBANK0  0000C4
PWM_Data_collection@new_pwm               cstackBANK0  0000C6
PWM_Data_collection@size                  cstackBANK0  0000C2
TMR0_ISR@CountCallBack                    bssBANK1     000180
TMR0_SetInterruptHandler@InterruptHandler cstackBANK1  0001F5
TMR2_SetInterruptHandler@InterruptHandler cstackBANK1  0001F5
_ADACCH                                   (abs)        003EE9
_ADACCL                                   (abs)        003EE8
_ADACCU                                   (abs)        003EEA
_ADACQH                                   (abs)        003EF4
_ADACQL                                   (abs)        003EF3
_ADACT                                    (abs)        003EFE
_ADCAP                                    (abs)        003EF5
_ADCC_Initialize                          text13       004CD2
_ADCLK                                    (abs)        003EFF
_ADCNT                                    (abs)        003EEB
_ADCON0                                   (abs)        003EF8
_ADCON0bits                               (abs)        003EF8
_ADCON1                                   (abs)        003EF9
_ADCON1bits                               (abs)        003EF9
_ADCON2                                   (abs)        003EFA
_ADCON2bits                               (abs)        003EFA
_ADCON3                                   (abs)        003EFB
_ADCON3bits                               (abs)        003EFB
_ADC_BL_PWM_Value                         bssBANK1     000178
_ADC_BL_PWMtoI2C                          bssBANK1     000176
_ADC_Heat_FB_Value                        bssBANK1     00017A
_ADERRH                                   (abs)        003EE3
_ADERRL                                   (abs)        003EE2
_ADFLTRH                                  (abs)        003EE7
_ADFLTRL                                  (abs)        003EE6
_ADLTHH                                   (abs)        003EDF
_ADLTHL                                   (abs)        003EDE
_ADPCH                                    (abs)        003EF1
_ADPREH                                   (abs)        003EF7
_ADPREL                                   (abs)        003EF6
_ADPREVH                                  (abs)        003EEE
_ADPREVL                                  (abs)        003EED
_ADREF                                    (abs)        003EFD
_ADRESH                                   (abs)        003EF0
_ADRESL                                   (abs)        003EEF
_ADRPT                                    (abs)        003EEC
_ADSTAT                                   (abs)        003EFC
_ADSTATbits                               (abs)        003EFC
_ADSTPTH                                  (abs)        003EE5
_ADSTPTL                                  (abs)        003EE4
_ADUTHH                                   (abs)        003EE1
_ADUTHL                                   (abs)        003EE0
_ALS_PWM_Value                            bssBANK1     00016C
_ALS_Read                                 text17       003238
_ALS_Value                                bssBANK1     00016E
_ALS_Value_Max                            nvBANK1      0001EF
_ALS_error                                bssBANK0     000093
_ALS_moving_average                       text93       003014
_ANSELA                                   (abs)        003A40
_ANSELB                                   (abs)        003A50
_ANSELC                                   (abs)        003A60
_BL_I2C1_WriteByteRegister                text15       004594
_BL_PWMerror                              bssBANK1     000184
_CB_buffer                                bssBANK1     000185
_CCPTMRS1bits                             (abs)        003F5F
_Data                                     bssBANK2     000200
_Data_current_ALS                         bssBANK0     00008A
_Diff                                     bssBANK1     000164
_DutyValue_PWM                            bssBANK1     00017C
_GIE                                      (abs)        01FE97
_GPIO_BL_PWM_Value                        text92       0042B6
_HeatCheck_max                            nvBANK1      0001F1
_I2C1CLK                                  (abs)        003D7B
_I2C1CNT                                  (abs)        003D6C
_I2C1CON0                                 (abs)        003D73
_I2C1CON0bits                             (abs)        003D73
_I2C1CON1                                 (abs)        003D74
_I2C1CON1bits                             (abs)        003D74
_I2C1CON2                                 (abs)        003D75
_I2C1ERR                                  (abs)        003D76
_I2C1ERRbits                              (abs)        003D76
_I2C1PIE                                  (abs)        003D7A
_I2C1PIEbits                              (abs)        003D7A
_I2C1PIR                                  (abs)        003D79
_I2C1PIRbits                              (abs)        003D79
_I2C1RXB                                  (abs)        003D6A
_I2C1SCLPPS                               (abs)        003AE1
_I2C1SDAPPS                               (abs)        003AE2
_I2C1STAT1bits                            (abs)        003D78
_I2C1TXB                                  (abs)        003D6B
_I2C1_CallbackReturnReset                 text59       0058C4
_I2C1_CallbackReturnReset$intlevel0       text59       0058CE
_I2C1_CallbackReturnStop                  text60       0058D2
_I2C1_CallbackReturnStop$intlevel0        text60       0058DC
_I2C1_ClearInterruptFlags                 text70       004E40
_I2C1_Close                               text77       005246
_I2C1_DO_ADDRESS_NACK                     text29       004818
_I2C1_DO_ADDRESS_NACK$intlevel0           text29       004822
_I2C1_DO_BUS_COLLISION                    text28       00461A
_I2C1_DO_BUS_COLLISION$intlevel0          text28       004624
_I2C1_DO_BUS_ERROR                        text27       005654
_I2C1_DO_BUS_ERROR$intlevel0              text27       00565E
_I2C1_DO_IDLE                             text44       005702
_I2C1_DO_IDLE$intlevel0                   text44       00570C
_I2C1_DO_RESET                            text30       00566E
_I2C1_DO_RESET$intlevel0                  text30       005678
_I2C1_DO_RX                               text40       003EA6
_I2C1_DO_RX$intlevel0                     text40       003EB0
_I2C1_DO_RX_ACK                           text33       005848
_I2C1_DO_RX_ACK$intlevel0                 text33       005852
_I2C1_DO_RX_EMPTY                         text38       004012
_I2C1_DO_RX_EMPTY$intlevel0               text38       00401C
_I2C1_DO_RX_NACK_RESTART                  text31       005836
_I2C1_DO_RX_NACK_RESTART$intlevel0        text31       005840
_I2C1_DO_RX_NACK_STOP                     text32       0056D2
_I2C1_DO_RX_NACK_STOP$intlevel0           text32       0056DC
_I2C1_DO_SEND_ADR_READ                    text43       005112
_I2C1_DO_SEND_ADR_READ$intlevel0          text43       00511C
_I2C1_DO_SEND_ADR_WRITE                   text42       00554C
_I2C1_DO_SEND_ADR_WRITE$intlevel0         text42       005556
_I2C1_DO_SEND_RESTART                     text35       0058A8
_I2C1_DO_SEND_RESTART$intlevel0           text35       0058B2
_I2C1_DO_SEND_RESTART_READ                text37       0056EA
_I2C1_DO_SEND_RESTART_READ$intlevel0      text37       0056F4
_I2C1_DO_SEND_RESTART_WRITE               text36       0058B6
_I2C1_DO_SEND_RESTART_WRITE$intlevel0     text36       0058C0
_I2C1_DO_SEND_STOP                        text34       0051B0
_I2C1_DO_SEND_STOP$intlevel0              text34       0051BA
_I2C1_DO_TX                               text41       00375C
_I2C1_DO_TX$1963                          cstackBANK2  0002D0
_I2C1_DO_TX$intlevel0                     text41       003766
_I2C1_DO_TX_ACK                           text45       00585A
_I2C1_DO_TX_ACK$intlevel0                 text45       005864
_I2C1_DO_TX_EMPTY                         text39       004482
_I2C1_DO_TX_EMPTY$intlevel0               text39       00448C
_I2C1_Initialize                          text12       00552A
_I2C1_MasterClearCountFlag                text76       0059F4
_I2C1_MasterClearIrq                      text80       005986
_I2C1_MasterClearNackFlag                 text75       0059EE
_I2C1_MasterClearStopFlag                 text74       0059E8
_I2C1_MasterClose                         text79       005920
_I2C1_MasterDisableIrq                    text78       00558A
_I2C1_MasterDisableRestart                text57       0059E2
_I2C1_MasterEnableRestart                 text56       0059DC
_I2C1_MasterFsm                           text26       004984
_I2C1_MasterGetCounter                    text48       0059BE
_I2C1_MasterGetRxData                     text53       0059D6
_I2C1_MasterIsCountFlagSet                text73       005786
_I2C1_MasterIsNack                        text47       00572E
_I2C1_MasterIsNackFlagSet                 text72       005770
_I2C1_MasterIsRxBufFull                   text52       005744
_I2C1_MasterIsStopFlagSet                 text71       00575A
_I2C1_MasterIsTxBufEmpty                  text46       005718
_I2C1_MasterOpen                          text20       005366
_I2C1_MasterOperation                     text23       004C16
_I2C1_MasterRead                          text22       00597E
_I2C1_MasterResetBus                      text58       005944
_I2C1_MasterSendAck                       text51       0059D0
_I2C1_MasterSendNack                      text50       0059CA
_I2C1_MasterSendTxData                    text54       005908
_I2C1_MasterSetCounter                    text55       005914
_I2C1_MasterStop                          text49       0059C4
_I2C1_MasterWaitForEvent                  text25       004D2E
_I2C1_MasterWrite                         text21       005976
_I2C1_Open                                text19       0040C2
_I2C1_Poller                              text24       00556C
_I2C1_SetAddressNackCallback              text18       0055E4
_I2C1_SetBuffer                           text69       0054E2
_I2C1_SetCallback                         text68       00471C
_I2C1_SetDataCompleteCallback             text67       005600
_I2C1_Status                              bssBANK0     000060
_I2CStart                                 dataBANK0    0000D6
_INLVLA                                   (abs)        003A44
_INLVLB                                   (abs)        003A54
_INLVLC                                   (abs)        003A64
_INLVLE                                   (abs)        003A84
_INNOGL_CheckNACK                         text16       004F86
_INNOGL_Running                           text14       003F5E
_INTCON0bits                              (abs)        003FD2
_INTERRUPT_Initialize                     text11       005A36
_INTERRUPT_InterruptManager               text81       0043F2
_LATA                                     (abs)        003FBA
_LATAbits                                 (abs)        003FBA
_LATB                                     (abs)        003FBB
_LATBbits                                 (abs)        003FBB
_LATC                                     (abs)        003FBC
_LATCbits                                 (abs)        003FBC
_LM75B_Read_Data                          bssBANK0     00008E
_LUT                                      text159      00469C
_LUT$3539                                 cstackBANK0  00009E
_LUT$3540                                 cstackBANK0  0000A2
_LoadBL_PWM                               bssBANK1     000170
_ODCONA                                   (abs)        003A42
_ODCONB                                   (abs)        003A52
_ODCONC                                   (abs)        003A62
_OSCCON1                                  (abs)        0039D9
_OSCCON3                                  (abs)        0039DB
_OSCEN                                    (abs)        0039DD
_OSCFRQ                                   (abs)        0039DF
_OSCILLATOR_Initialize                    text10       0056BA
_OSCTUNE                                  (abs)        0039DE
_Open1st                                  nvBANK1      0001F4
_PCON0bits                                (abs)        003FF0
_PIE2bits                                 (abs)        003992
_PIE3bits                                 (abs)        003993
_PIE4bits                                 (abs)        003994
_PIN_MANAGER_Initialize                   text9        00490C
_PIR2bits                                 (abs)        0039A2
_PIR3bits                                 (abs)        0039A3
_PIR4bits                                 (abs)        0039A4
_PMD0                                     (abs)        0039C0
_PMD1                                     (abs)        0039C1
_PMD2                                     (abs)        0039C2
_PMD3                                     (abs)        0039C3
_PMD4                                     (abs)        0039C4
_PMD5                                     (abs)        0039C5
_PMD6                                     (abs)        0039C6
_PMD7                                     (abs)        0039C7
_PMD_Initialize                           text8        0054BE
_PORTAbits                                (abs)        003FCA
_PORTBbits                                (abs)        003FCB
_PORTCbits                                (abs)        003FCC
_PR2                                      (abs)        003FAB
_PWM5CON                                  (abs)        003F6E
_PWM5DCH                                  (abs)        003F6D
_PWM5DCL                                  (abs)        003F6C
_PWM5_Initialize                          text7        0056A2
_PWM5_LoadDutyValue                       text158      00514A
_PWM_Data_collection                      text89       003DC6
_RB1I2C                                   (abs)        003A5A
_RB2I2C                                   (abs)        003A5B
_RC3I2C                                   (abs)        003A6A
_RC3PPS                                   (abs)        003A13
_RC4I2C                                   (abs)        003A6B
_RC4PPS                                   (abs)        003A14
_RC6PPS                                   (abs)        003A16
_SLRCONA                                  (abs)        003A43
_SLRCONB                                  (abs)        003A53
_SLRCONC                                  (abs)        003A63
_SYSTEM_Initialize                        text1        00541C
_T0CON0                                   (abs)        003FB8
_T0CON0bits                               (abs)        003FB8
_T0CON1                                   (abs)        003FB9
_T2CLKCON                                 (abs)        003FAE
_T2CON                                    (abs)        003FAC
_T2CONbits                                (abs)        003FAC
_T2HLT                                    (abs)        003FAD
_T2HLTbits                                (abs)        003FAD
_T2PR                                     (abs)        003FAB
_T2RST                                    (abs)        003FAF
_T2RSTbits                                (abs)        003FAF
_T2TMR                                    (abs)        003FAA
_TMR0H                                    (abs)        003FB7
_TMR0L                                    (abs)        003FB6
_TMR0_CallBack                            text86       005214
_TMR0_DefaultInterruptHandler             text87       005A50
_TMR0_ISR                                 text85       005276
_TMR0_Initialize                          text5        005446
_TMR0_InterruptHandler                    nvBANK1      0001E9
_TMR0_SetInterruptHandler                 text6        00589A
_TMR2                                     (abs)        003FAA
_TMR2_CallBack                            text83       0051E2
_TMR2_DefaultInterruptHandler             text84       005A4E
_TMR2_ISR                                 text82       00594E
_TMR2_Initialize                          text3        00517E
_TMR2_InterruptHandler                    nvBANK1      0001EC
_TMR2_SetInterruptHandler                 text4        00588C
_TRISA                                    (abs)        003FC2
_TRISB                                    (abs)        003FC3
_TRISC                                    (abs)        003FC4
_TempCount                                bssBANK1     000183
_Temp_Data                                bssBANK0     00008C
_Timer1S_callback                         text88       004DE6
_UART_RX_buffer                           bssBANK1     000150
_UART_TX_buffer                           bssBANK1     000158
_WDTCON0                                  (abs)        00395B
_WDTCON0bits                              (abs)        00395B
_WDTCON1                                  (abs)        00395C
_WINDOW_SIZE                              dataBANK0    0000D4
_WPUA                                     (abs)        003A41
_WPUB                                     (abs)        003A51
_WPUC                                     (abs)        003A61
_WPUE                                     (abs)        003A81
_WWDT_Initialize                          text2        0058FC
__HRAM                                    (abs)        000000
__H__absolute__                           __absolute__ 000000
__Habs1                                   abs1         000000
__Hbank0                                  bank0        000000
__Hbank1                                  bank1        000000
__Hbank10                                 bank10       000000
__Hbank11                                 bank11       000000
__Hbank12                                 bank12       000000
__Hbank13                                 bank13       000000
__Hbank14                                 bank14       000000
__Hbank15                                 bank15       000000
__Hbank16                                 bank16       000000
__Hbank17                                 bank17       000000
__Hbank18                                 bank18       000000
__Hbank19                                 bank19       000000
__Hbank2                                  bank2        000000
__Hbank20                                 bank20       000000
__Hbank21                                 bank21       000000
__Hbank22                                 bank22       000000
__Hbank23                                 bank23       000000
__Hbank24                                 bank24       000000
__Hbank25                                 bank25       000000
__Hbank26                                 bank26       000000
__Hbank27                                 bank27       000000
__Hbank28                                 bank28       000000
__Hbank29                                 bank29       000000
__Hbank3                                  bank3        000000
__Hbank30                                 bank30       000000
__Hbank31                                 bank31       000000
__Hbank4                                  bank4        000000
__Hbank5                                  bank5        000000
__Hbank6                                  bank6        000000
__Hbank7                                  bank7        000000
__Hbank8                                  bank8        000000
__Hbank9                                  bank9        000000
__Hbigbss                                 bigbss       000000
__Hbigdata                                bigdata      000000
__Hbigram                                 bigram       000000
__Hbigsfr                                 bigsfr       000000
__Hbss                                    bss          000000
__HbssBANK0                               bssBANK0     000000
__HbssBANK1                               bssBANK1     000000
__HbssBANK2                               bssBANK2     000000
__HbssBANK3                               bssBANK3     000000
__Hcinit                                  cinit        000000
__Hclrtext                                clrtext      000000
__Hcomram                                 comram       000000
__Hconfig                                 config       30000A
__Hconst                                  const        000000
__HcstackBANK0                            cstackBANK0  000000
__HcstackBANK1                            cstackBANK1  000000
__HcstackBANK2                            cstackBANK2  000000
__HcstackCOMRAM                           cstackCOMRAM 000000
__Hdata                                   data         000000
__HdataBANK0                              dataBANK0    000000
__HdataBANK1                              dataBANK1    000000
__Heeprom_data                            eeprom_data  000000
__Hfarbss                                 farbss       000000
__Hfardata                                fardata      000000
__Hheap                                   heap         000000
__Hibigdata                               ibigdata     000000
__Hidata                                  idata        000000
__HidataBANK0                             idataBANK0   000000
__HidataBANK1                             idataBANK1   000000
__Hidloc                                  idloc        000000
__Hifardata                               ifardata     000000
__Hinit                                   init         00001E
__Hintsave_regs                           intsave_regs 000000
__Hirdata                                 irdata       000000
__Hivt0x8                                 ivt0x8       00001A
__Hmediumconst                            mediumconst  000000
__HnvBANK1                                nvBANK1      000000
__HnvFARRAM                               nvFARRAM     000000
__Hnvbit                                  nvbit        000000
__Hnvrram                                 nvrram       000000
__Hparam                                  rparam       000000
__Hpowerup                                powerup      000000
__Hram                                    ram          000000
__Hramtop                                 ramtop       002000
__Hrbit                                   rbit         000000
__Hrbss                                   rbss         000000
__Hrdata                                  rdata        000000
__Hreset_vec                              reset_vec    000004
__Hrparam                                 rparam       000000
__Hsfr                                    sfr          000000
__Hsmallconst                             smallconst   00203C
__Hspace_0                                (abs)        005A52
__Hspace_1                                (abs)        000380
__Hspace_2                                (abs)        000000
__Hspace_4                                (abs)        60000A
__Hstack                                  stack        000000
__Hstruct                                 struct       000000
__Htemp                                   temp         000000
__Htext                                   text         000000
__Htext0                                  text0        000000
__Htext1                                  text1        000000
__Htext10                                 text10       000000
__Htext100                                text100      000000
__Htext101                                text101      000000
__Htext102                                text102      000000
__Htext103                                text103      000000
__Htext104                                text104      000000
__Htext105                                text105      000000
__Htext106                                text106      000000
__Htext107                                text107      000000
__Htext108                                text108      000000
__Htext109                                text109      000000
__Htext11                                 text11       000000
__Htext110                                text110      000000
__Htext111                                text111      000000
__Htext112                                text112      000000
__Htext113                                text113      000000
__Htext114                                text114      000000
__Htext115                                text115      000000
__Htext116                                text116      000000
__Htext117                                text117      000000
__Htext118                                text118      000000
__Htext119                                text119      000000
__Htext12                                 text12       000000
__Htext120                                text120      000000
__Htext121                                text121      000000
__Htext122                                text122      000000
__Htext123                                text123      000000
__Htext124                                text124      000000
__Htext125                                text125      000000
__Htext126                                text126      000000
__Htext127                                text127      000000
__Htext128                                text128      000000
__Htext129                                text129      000000
__Htext13                                 text13       000000
__Htext130                                text130      000000
__Htext131                                text131      000000
__Htext132                                text132      000000
__Htext133                                text133      000000
__Htext134                                text134      000000
__Htext135                                text135      000000
__Htext136                                text136      000000
__Htext137                                text137      000000
__Htext138                                text138      000000
__Htext139                                text139      000000
__Htext14                                 text14       000000
__Htext140                                text140      000000
__Htext141                                text141      000000
__Htext142                                text142      000000
__Htext143                                text143      000000
__Htext144                                text144      000000
__Htext145                                text145      000000
__Htext146                                text146      000000
__Htext147                                text147      000000
__Htext148                                text148      000000
__Htext149                                text149      000000
__Htext15                                 text15       000000
__Htext150                                text150      000000
__Htext151                                text151      000000
__Htext152                                text152      000000
__Htext153                                text153      000000
__Htext154                                text154      000000
__Htext155                                text155      000000
__Htext156                                text156      000000
__Htext157                                text157      000000
__Htext158                                text158      000000
__Htext159                                text159      000000
__Htext16                                 text16       000000
__Htext160                                text160      000000
__Htext161                                text161      000000
__Htext162                                text162      000000
__Htext163                                text163      000000
__Htext164                                text164      000000
__Htext165                                text165      000000
__Htext166                                text166      000000
__Htext167                                text167      000000
__Htext168                                text168      000000
__Htext17                                 text17       000000
__Htext18                                 text18       000000
__Htext19                                 text19       000000
__Htext2                                  text2        000000
__Htext20                                 text20       000000
__Htext21                                 text21       000000
__Htext22                                 text22       000000
__Htext23                                 text23       000000
__Htext24                                 text24       000000
__Htext25                                 text25       000000
__Htext26                                 text26       000000
__Htext27                                 text27       000000
__Htext28                                 text28       000000
__Htext29                                 text29       000000
__Htext3                                  text3        000000
__Htext30                                 text30       000000
__Htext31                                 text31       000000
__Htext32                                 text32       000000
__Htext33                                 text33       000000
__Htext34                                 text34       000000
__Htext35                                 text35       000000
__Htext36                                 text36       000000
__Htext37                                 text37       000000
__Htext38                                 text38       000000
__Htext39                                 text39       000000
__Htext4                                  text4        000000
__Htext40                                 text40       000000
__Htext41                                 text41       000000
__Htext42                                 text42       000000
__Htext43                                 text43       000000
__Htext44                                 text44       000000
__Htext45                                 text45       000000
__Htext46                                 text46       000000
__Htext47                                 text47       000000
__Htext48                                 text48       000000
__Htext49                                 text49       000000
__Htext5                                  text5        000000
__Htext50                                 text50       000000
__Htext51                                 text51       000000
__Htext52                                 text52       000000
__Htext53                                 text53       000000
__Htext54                                 text54       000000
__Htext55                                 text55       000000
__Htext56                                 text56       000000
__Htext57                                 text57       000000
__Htext58                                 text58       000000
__Htext59                                 text59       000000
__Htext6                                  text6        000000
__Htext60                                 text60       000000
__Htext61                                 text61       000000
__Htext62                                 text62       000000
__Htext63                                 text63       000000
__Htext64                                 text64       000000
__Htext65                                 text65       000000
__Htext66                                 text66       000000
__Htext67                                 text67       000000
__Htext68                                 text68       000000
__Htext69                                 text69       000000
__Htext7                                  text7        000000
__Htext70                                 text70       000000
__Htext71                                 text71       000000
__Htext72                                 text72       000000
__Htext73                                 text73       000000
__Htext74                                 text74       000000
__Htext75                                 text75       000000
__Htext76                                 text76       000000
__Htext77                                 text77       000000
__Htext78                                 text78       000000
__Htext79                                 text79       000000
__Htext8                                  text8        000000
__Htext80                                 text80       000000
__Htext81                                 text81       000000
__Htext82                                 text82       000000
__Htext83                                 text83       000000
__Htext84                                 text84       000000
__Htext85                                 text85       000000
__Htext86                                 text86       000000
__Htext87                                 text87       000000
__Htext88                                 text88       000000
__Htext89                                 text89       000000
__Htext9                                  text9        000000
__Htext90                                 text90       000000
__Htext91                                 text91       000000
__Htext92                                 text92       000000
__Htext93                                 text93       000000
__Htext94                                 text94       000000
__Htext95                                 text95       000000
__Htext96                                 text96       000000
__Htext97                                 text97       000000
__Htext98                                 text98       000000
__Htext99                                 text99       000000
__LRAM                                    (abs)        000001
__L__absolute__                           __absolute__ 000000
__Labs1                                   abs1         000000
__Lbank0                                  bank0        000000
__Lbank1                                  bank1        000000
__Lbank10                                 bank10       000000
__Lbank11                                 bank11       000000
__Lbank12                                 bank12       000000
__Lbank13                                 bank13       000000
__Lbank14                                 bank14       000000
__Lbank15                                 bank15       000000
__Lbank16                                 bank16       000000
__Lbank17                                 bank17       000000
__Lbank18                                 bank18       000000
__Lbank19                                 bank19       000000
__Lbank2                                  bank2        000000
[...]
_point_x                                  dataBANK1    0001B9
_point_y                                  dataBANK1    000189
_preALS_PWM_Value                         bssBANK1     000172
_preBL_PWM                                bssBANK1     000174
_rd1RegCompleteHandler                    text65       005096
_rd1RegCompleteHandler$intlevel0          text65       0050A0
_rd2RegCompleteHandler                    text64       005058
_rd2RegCompleteHandler$intlevel0          text64       005062
_rdBlkRegCompleteHandler                  text62       004C74
_rdBlkRegCompleteHandler$intlevel0        text62       004C7E
_state                                    bssBANK0     000095
_temperror                                bssBANK0     000094
_test_y_value                             bssBANK1     00017E
_wr1RegCompleteHandler                    text63       00501A
_wr1RegCompleteHandler$intlevel0          text63       005024
_wr2RegCompleteHandler                    text66       0050D4
_wr2RegCompleteHandler$intlevel0          text66       0050DE
calculate_moving_average@data_pwm_buf     cstackCOMRAM 00003C
calculate_moving_average@i                cstackCOMRAM 000049
calculate_moving_average@size             cstackCOMRAM 00003D
calculate_moving_average@sum              cstackCOMRAM 000045
callbackAddrNak@Present                   cstackBANK2  0002CA
callbackAddrNak@funPtr                    cstackBANK2  0002C8
end_of_initialization                     cinit        00458E
i2ALS_Read@i2c1_ctrl_addr                 cstackCOMRAM 00001F
i2ALS_Read@myData                         cstackCOMRAM 000020
i2ALS_Read@onetimemeasure                 cstackCOMRAM 000023
i2ALS_Read@p_value                        cstackCOMRAM 00001D
i2ALS_Read@present                        cstackCOMRAM 000026
i2ALS_Read@pwron                          cstackCOMRAM 000022
i2ALS_Read@returnValue                    cstackCOMRAM 000024
i2I2C1_Close@returnValue                  cstackCOMRAM 000001
i2I2C1_DO_RX@retFsmState                  cstackCOMRAM 000003
i2I2C1_DO_TX@dataTx                       cstackCOMRAM 000012
i2I2C1_DO_TX@retFsmState                  cstackCOMRAM 000013
i2I2C1_MasterOperation@read               cstackCOMRAM 000017
i2I2C1_MasterOperation@returnValue        cstackCOMRAM 000018
i2I2C1_MasterSendTxData@data              cstackCOMRAM 000001
i2I2C1_MasterSetCounter@counter           cstackCOMRAM 000001
i2I2C1_Open@address                       cstackCOMRAM 000001
i2I2C1_Open@returnValue                   cstackCOMRAM 000002
i2I2C1_SetAddressNackCallback@cb          cstackCOMRAM 000007
i2I2C1_SetAddressNackCallback@ptr         cstackCOMRAM 00000A
i2I2C1_SetBuffer@buffer                   cstackCOMRAM 000001
i2I2C1_SetBuffer@bufferSize               cstackCOMRAM 000003
i2I2C1_SetCallback@cb                     cstackCOMRAM 000001
i2I2C1_SetCallback@idx                    cstackCOMRAM 000006
i2I2C1_SetCallback@ptr                    cstackCOMRAM 000004
i2I2C1_SetDataCompleteCallback@cb         cstackCOMRAM 000007
i2I2C1_SetDataCompleteCallback@ptr        cstackCOMRAM 00000A
i2_ALS_Read                               text94       0035BC
i2_I2C1_CallbackReturnReset               text136      005A42
i2_I2C1_CallbackReturnStop                text137      005A46
i2_I2C1_ClearInterruptFlags               text147      004EE4
i2_I2C1_Close                             text154      0053F0
i2_I2C1_DO_ADDRESS_NACK                   text106      004AE4
i2_I2C1_DO_BUS_COLLISION                  text105      0049FA
i2_I2C1_DO_BUS_ERROR                      text104      00586C
i2_I2C1_DO_IDLE                           text121      00592C
i2_I2C1_DO_RESET                          text107      00587C
i2_I2C1_DO_RX                             text117      004354
i2_I2C1_DO_RX_ACK                         text110      0059A6
i2_I2C1_DO_RX_EMPTY                       text115      004212
i2_I2C1_DO_RX_NACK_RESTART                text108      00599E
i2_I2C1_DO_RX_NACK_STOP                   text109      0058E0
i2_I2C1_DO_SEND_ADR_READ                  text120      0053C2
i2_I2C1_DO_SEND_ADR_WRITE                 text119      00579C
i2_I2C1_DO_SEND_RESTART                   text112      005A3A
i2_I2C1_DO_SEND_RESTART_READ              text114      0058EE
i2_I2C1_DO_SEND_RESTART_WRITE             text113      005A3E
i2_I2C1_DO_SEND_STOP                      text111      005470
i2_I2C1_DO_TX                             text118      0038A4
i2_I2C1_DO_TX$1963                        cstackCOMRAM 000014
i2_I2C1_DO_TX_ACK                         text122      0059AE
i2_I2C1_DO_TX_EMPTY                       text116      00479A
i2_I2C1_MasterClearCountFlag              text153      005A30
i2_I2C1_MasterClearIrq                    text157      0059B6
i2_I2C1_MasterClearNackFlag               text152      005A2A
i2_I2C1_MasterClearStopFlag               text151      005A24
i2_I2C1_MasterClose                       text156      005938
i2_I2C1_MasterDisableIrq                  text155      0055C6
i2_I2C1_MasterDisableRestart              text134      005A1E
i2_I2C1_MasterEnableRestart               text133      005A18
i2_I2C1_MasterFsm                         text103      004A70
i2_I2C1_MasterGetCounter                  text125      0059FA
i2_I2C1_MasterGetRxData                   text130      005A12
i2_I2C1_MasterIsCountFlagSet              text150      005820
i2_I2C1_MasterIsNack                      text124      0057C8
i2_I2C1_MasterIsNackFlagSet               text149      00580A
i2_I2C1_MasterIsRxBufFull                 text129      0057DE
i2_I2C1_MasterIsStopFlagSet               text148      0057F4
i2_I2C1_MasterIsTxBufEmpty                text123      0057B2
i2_I2C1_MasterOpen                        text97       005394
i2_I2C1_MasterOperation                   text100      004E92
i2_I2C1_MasterRead                        text99       005996
i2_I2C1_MasterResetBus                    text135      00596C
i2_I2C1_MasterSendAck                     text128      005A0C
i2_I2C1_MasterSendNack                    text127      005A06
i2_I2C1_MasterSendTxData                  text131      005958
i2_I2C1_MasterSetCounter                  text132      005962
i2_I2C1_MasterStop                        text126      005A00
i2_I2C1_MasterWaitForEvent                text102      004D8A
i2_I2C1_MasterWrite                       text98       00598E
i2_I2C1_Open                              text96       00416E
i2_I2C1_Poller                            text101      0055A8
i2_I2C1_SetAddressNackCallback            text95       00561C
i2_I2C1_SetBuffer                         text146      005506
i2_I2C1_SetCallback                       text145      004892
i2_I2C1_SetDataCompleteCallback           text144      005638
i2_callbackAddrNak                        text138      005688
i2_rd1RegCompleteHandler                  text142      005306
i2_rd2RegCompleteHandler                  text141      0052D6
i2_rdBlkRegCompleteHandler                text139      004F36
i2_wr1RegCompleteHandler                  text140      0052A6
i2_wr2RegCompleteHandler                  text143      005336
i2callbackAddrNak@Present                 cstackCOMRAM 00000E
i2callbackAddrNak@funPtr                  cstackCOMRAM 00000C
i2rd1RegCompleteHandler@ptr               cstackCOMRAM 00000C
i2rd2RegCompleteHandler@ptr               cstackCOMRAM 00000C
i2rdBlkRegCompleteHandler@ptr             cstackCOMRAM 00000C
i2wr1RegCompleteHandler@ptr               cstackCOMRAM 00000C
i2wr2RegCompleteHandler@ptr               cstackCOMRAM 00000C
intlevel0                                 text         000000
intlevel1                                 text         000000
intlevel2                                 text         000000
intlevel3                                 text         000000
isa$std                                   (abs)        000001
isa$xinst                                 (abs)        000000
ivt0x8_base                               ivt0x8       000008
linear_interpolation@i                    cstackCOMRAM 00004E
linear_interpolation@x_value              cstackCOMRAM 00003C
linear_interpolation@y_value              cstackCOMRAM 00004C
rd1RegCompleteHandler@ptr                 cstackBANK2  0002C8
rd2RegCompleteHandler@ptr                 cstackBANK2  0002C8
rdBlkRegCompleteHandler@ptr               cstackBANK2  0002C8
stackhi                                   (abs)        000000
stacklo                                   (abs)        000000
start                                     init         00001A
start_initialization                      cinit        00450C
wr1RegCompleteHandler@ptr                 cstackBANK2  0002C8
wr2RegCompleteHandler@ptr                 cstackBANK2  0002C8


MODULE INFORMATION

Module		Function		Class		Link	Load	Size
mcc_generated_files/examples/i2c1_master_example.c
		_callbackAddrNak		CODE           	5498	0000	38
		_wr1RegCompleteHandler		CODE           	501A	0000	62
		_wr2RegCompleteHandler		CODE           	50D4	0000	62
		_ALS_Read      		CODE           	3238	0000	464
		_rdBlkRegCompleteHandler		CODE           	4C74	0000	94
		_rd1RegCompleteHandler		CODE           	5096	0000	62
		_BL_I2C1_WriteByteRegister		CODE           	4594	0000	134
		_rd2RegCompleteHandler		CODE           	5058	0000	62

mcc_generated_files/examples/i2c1_master_example.c estimated size: 978

mcc_generated_files/i2c1_master.c
		_I2C1_DO_SEND_RESTART		CODE           	58A8	0000	14
		_I2C1_MasterIsNackFlagSet		CODE           	5770	0000	22
		_I2C1_DO_RX_EMPTY		CODE           	4012	0000	176
		_I2C1_DO_TX_EMPTY		CODE           	4482	0000	138
		_I2C1_DO_SEND_RESTART_READ		CODE           	56EA	0000	24
		_I2C1_MasterClearNackFlag		CODE           	59EE	0000	6
		_I2C1_CallbackReturnStop		CODE           	58D2	0000	14
		_I2C1_MasterRead		CODE           	597E	0000	8
		_I2C1_DO_RX    		CODE           	3EA6	0000	184
		_I2C1_DO_TX    		CODE           	375C	0000	328
		_I2C1_SetAddressNackCallback		CODE           	55E4	0000	28
		_I2C1_DO_IDLE  		CODE           	5702	0000	22
		_I2C1_MasterOpen		CODE           	5366	0000	46
		_I2C1_MasterSendTxData		CODE           	5908	0000	12
		_I2C1_MasterStop		CODE           	59C4	0000	6
		_I2C1_MasterIsStopFlagSet		CODE           	575A	0000	22
		_I2C1_CallbackReturnReset		CODE           	58C4	0000	14
		_I2C1_DO_RESET 		CODE           	566E	0000	26
		_I2C1_Poller   		CODE           	556C	0000	30
		_I2C1_DO_RX_ACK		CODE           	5848	0000	18
		_I2C1_DO_TX_ACK		CODE           	585A	0000	18
		_I2C1_MasterWaitForEvent		CODE           	4D2E	0000	92
		_I2C1_MasterSendNack		CODE           	59CA	0000	6
		_I2C1_DO_RX_NACK_RESTART		CODE           	5836	0000	18
		_I2C1_MasterDisableIrq		CODE           	558A	0000	30
		_I2C1_ClearInterruptFlags		CODE           	4E40	0000	82
		_I2C1_MasterOperation		CODE           	4C16	0000	94
		_I2C1_MasterClearStopFlag		CODE           	59E8	0000	6
		_I2C1_SetCallback		CODE           	471C	0000	126
		_I2C1_MasterEnableRestart		CODE           	59DC	0000	6
		_I2C1_MasterGetCounter		CODE           	59BE	0000	6
		_I2C1_MasterSetCounter		CODE           	5914	0000	12
		_I2C1_Open     		CODE           	40C2	0000	172
		_I2C1_DO_ADDRESS_NACK		CODE           	4818	0000	122
		_I2C1_MasterDisableRestart		CODE           	59E2	0000	6
		_I2C1_MasterClearCountFlag		CODE           	59F4	0000	6
		_I2C1_SetBuffer		CODE           	54E2	0000	36
		_I2C1_DO_SEND_RESTART_WRITE		CODE           	58B6	0000	14
		_I2C1_MasterIsTxBufEmpty		CODE           	5718	0000	22
		_I2C1_MasterClose		CODE           	5920	0000	12
		_I2C1_MasterWrite		CODE           	5976	0000	8
		_I2C1_Initialize		CODE           	552A	0000	34
		_I2C1_Close    		CODE           	5246	0000	48
		_I2C1_MasterIsRxBufFull		CODE           	5744	0000	22
		_I2C1_MasterIsNack		CODE           	572E	0000	22
		_I2C1_DO_SEND_ADR_WRITE		CODE           	554C	0000	32
		_I2C1_MasterClearIrq		CODE           	5986	0000	8
		_I2C1_SetDataCompleteCallback		CODE           	5600	0000	28
		_I2C1_DO_SEND_STOP		CODE           	51B0	0000	50
		_I2C1_DO_BUS_COLLISION		CODE           	461A	0000	130
		_I2C1_DO_BUS_ERROR		CODE           	5654	0000	26
		_I2C1_MasterSendAck		CODE           	59D0	0000	6
		_I2C1_MasterFsm		CODE           	4984	0000	118
		_I2C1_MasterGetRxData		CODE           	59D6	0000	6
		_I2C1_MasterResetBus		CODE           	5944	0000	10
		_I2C1_MasterIsCountFlagSet		CODE           	5786	0000	22
		_I2C1_DO_SEND_ADR_READ		CODE           	5112	0000	56
		_I2C1_DO_RX_NACK_STOP		CODE           	56D2	0000	24

mcc_generated_files/i2c1_master.c estimated size: 2674

mcc_generated_files/tmr2.c
		_TMR2_ISR      		CODE           	594E	0000	10
		_TMR2_Initialize		CODE           	517E	0000	50
		_TMR2_SetInterruptHandler		CODE           	588C	0000	14
		_TMR2_DefaultInterruptHandler		CODE           	5A4E	0000	2
		_TMR2_CallBack 		CODE           	51E2	0000	50

mcc_generated_files/tmr2.c estimated size: 126

mcc_generated_files/interrupt_manager.c
		_INTERRUPT_Initialize		CODE           	5A36	0000	4
		_INTERRUPT_InterruptManager		CODE           	43F2	0000	144

mcc_generated_files/interrupt_manager.c estimated size: 148

mcc_generated_files/tmr0.c
		_TMR0_SetInterruptHandler		CODE           	589A	0000	14
		_TMR0_DefaultInterruptHandler		CODE           	5A50	0000	2
		_TMR0_CallBack 		CODE           	5214	0000	50
		_TMR0_ISR      		CODE           	5276	0000	48
		_TMR0_Initialize		CODE           	5446	0000	42

mcc_generated_files/tmr0.c estimated size: 156

mcc_generated_files/pin_manager.c
		_PIN_MANAGER_Initialize		CODE           	490C	0000	120

mcc_generated_files/pin_manager.c estimated size: 120

C:\Program Files\Microchip\xc8\v2.45\pic\sources\c99\common\sprcmul.c
		___flmul       		CODE           	24FC	0000	1102

C:\Program Files\Microchip\xc8\v2.45\pic\sources\c99\common\sprcmul.c estimated size: 1102

C:\Program Files\Microchip\xc8\v2.45\pic\sources\c99\common\sprcdiv.c
		___fldiv       		CODE           	294A	0000	922

C:\Program Files\Microchip\xc8\v2.45\pic\sources\c99\common\sprcdiv.c estimated size: 922

C:\Program Files\Microchip\xc8\v2.45\pic\sources\c99\common\lwmod.c
		___lwmod       		CODE           	4B52	0000	100

C:\Program Files\Microchip\xc8\v2.45\pic\sources\c99\common\lwmod.c estimated size: 100

C:\Program Files\Microchip\xc8\v2.45\pic\sources\c99\common\flge.c
		___flge        		CODE           	3BD8	0000	260

C:\Program Files\Microchip\xc8\v2.45\pic\sources\c99\common\flge.c estimated size: 260

shared
		i2_I2C1_MasterDisableIrq		CODE           	55C6	0000	30
		i2_I2C1_MasterFsm		CODE           	4A70	0000	116
		i2_I2C1_Poller 		CODE           	55A8	0000	30
		i2_I2C1_SetBuffer		CODE           	5506	0000	36
		i2_I2C1_MasterGetRxData		CODE           	5A12	0000	6
		i2_I2C1_DO_IDLE		CODE           	592C	0000	12
		i2_I2C1_MasterClearNackFlag		CODE           	5A2A	0000	6
		i2_I2C1_MasterOpen		CODE           	5394	0000	46
		i2_I2C1_MasterIsCountFlagSet		CODE           	5820	0000	22
		i2_I2C1_MasterIsStopFlagSet		CODE           	57F4	0000	22
		i2_I2C1_MasterSendTxData		CODE           	5958	0000	10
		i2_I2C1_MasterOperation		CODE           	4E92	0000	82
		i2_I2C1_MasterWaitForEvent		CODE           	4D8A	0000	92
		i2_I2C1_MasterStop		CODE           	5A00	0000	6
		i2_I2C1_MasterResetBus		CODE           	596C	0000	10
		i2_I2C1_DO_RESET		CODE           	587C	0000	16
		i2_I2C1_SetCallback		CODE           	4892	0000	122
		i2_I2C1_DO_SEND_ADR_READ		CODE           	53C2	0000	46
		i2_I2C1_DO_RX_NACK_STOP		CODE           	58E0	0000	14
		i2_rd1RegCompleteHandler		CODE           	5306	0000	48
		i2_I2C1_MasterClose		CODE           	5938	0000	12
		i2_ALS_Read    		CODE           	35BC	0000	416
		i2_I2C1_MasterWrite		CODE           	598E	0000	8
		i2_I2C1_MasterEnableRestart		CODE           	5A18	0000	6
		i2_I2C1_MasterIsNackFlagSet		CODE           	580A	0000	22
		i2_I2C1_DO_SEND_RESTART		CODE           	5A3A	0000	4
		i2_I2C1_MasterDisableRestart		CODE           	5A1E	0000	6
		__initialization		CODE           	450C	0000	130
		i2_I2C1_DO_RX_EMPTY		CODE           	4212	0000	164
		i2_I2C1_DO_TX_EMPTY		CODE           	479A	0000	126
		i2_rd2RegCompleteHandler		CODE           	52D6	0000	48
		i2_I2C1_CallbackReturnStop		CODE           	5A46	0000	4
		i2_callbackAddrNak		CODE           	5688	0000	26
		i2_I2C1_MasterIsNack		CODE           	57C8	0000	22
		_i2c1_fsmStateTable		SMALLCONST     	2001	0000	57
		i2_I2C1_MasterClearCountFlag		CODE           	5A30	0000	6
		i2_I2C1_DO_RX_ACK		CODE           	59A6	0000	8
		i2_I2C1_DO_TX_ACK		CODE           	59AE	0000	8
		i2_I2C1_ClearInterruptFlags		CODE           	4EE4	0000	82
		i2_I2C1_MasterGetCounter		CODE           	59FA	0000	6
		i2_I2C1_DO_SEND_ADR_WRITE		CODE           	579C	0000	22
		i2_I2C1_MasterSetCounter		CODE           	5962	0000	10
		i2_I2C1_MasterClearStopFlag		CODE           	5A24	0000	6
		i2_I2C1_DO_SEND_STOP		CODE           	5470	0000	40
		i2_wr1RegCompleteHandler		CODE           	52A6	0000	48
		i2_I2C1_MasterIsTxBufEmpty		CODE           	57B2	0000	22
		i2_I2C1_MasterClearIrq		CODE           	59B6	0000	8
		i2_I2C1_MasterSendNack		CODE           	5A06	0000	6
		i2_I2C1_DO_BUS_COLLISION		CODE           	49FA	0000	118
		i2_I2C1_DO_RX_NACK_RESTART		CODE           	599E	0000	8
		i2_I2C1_DO_BUS_ERROR		CODE           	586C	0000	16
		i2_I2C1_DO_SEND_RESTART_READ		CODE           	58EE	0000	14
		i2_I2C1_SetDataCompleteCallback		CODE           	5638	0000	28
		i2_I2C1_DO_SEND_RESTART_WRITE		CODE           	5A3E	0000	4
		i2_I2C1_Open   		CODE           	416E	0000	164
		i2_I2C1_DO_ADDRESS_NACK		CODE           	4AE4	0000	110
		i2_I2C1_CallbackReturnReset		CODE           	5A42	0000	4
		i2_rdBlkRegCompleteHandler		CODE           	4F36	0000	80
		i2_I2C1_MasterSendAck		CODE           	5A0C	0000	6
		i2_I2C1_DO_RX  		CODE           	4354	0000	158
		i2_I2C1_DO_TX  		CODE           	38A4	0000	294
		i2_I2C1_Close  		CODE           	53F0	0000	44
		i2_I2C1_SetAddressNackCallback		CODE           	561C	0000	28
		i2_I2C1_MasterIsRxBufFull		CODE           	57DE	0000	22
		i2_wr2RegCompleteHandler		CODE           	5336	0000	48
		i2_I2C1_MasterRead		CODE           	5996	0000	8

shared estimated size: 3249

mcc_generated_files/pwm5.c
		_PWM5_LoadDutyValue		CODE           	514A	0000	52
		_PWM5_Initialize		CODE           	56A2	0000	24

mcc_generated_files/pwm5.c estimated size: 76

C:\Program Files\Microchip\xc8\v2.45\pic\sources\c99\common\xxtofl.c
		___xxtofl      		CODE           	3408	0000	436

C:\Program Files\Microchip\xc8\v2.45\pic\sources\c99\common\xxtofl.c estimated size: 436

Control_lib.c
		_linear_interpolation		CODE           	2CE4	0000	816
		_GPIO_BL_PWM_Value		CODE           	42B6	0000	158
		_INNOGL_CheckNACK		CODE           	4F86	0000	78
		_calculate_moving_average		CODE           	39CA	0000	264
		_LUT           		CODE           	469C	0000	128
		_PWM_Data_collection		CODE           	3DC6	0000	224
		_ALS_moving_average		CODE           	3014	0000	548
		_INNOGL_Running		CODE           	3F5E	0000	180

Control_lib.c estimated size: 2396

mcc_generated_files/mcc.c
		_PMD_Initialize		CODE           	54BE	0000	36
		_OSCILLATOR_Initialize		CODE           	56BA	0000	24
		_SYSTEM_Initialize		CODE           	541C	0000	42
		_WWDT_Initialize		CODE           	58FC	0000	12

mcc_generated_files/mcc.c estimated size: 114

C:\Program Files\Microchip\xc8\v2.45\pic\sources\c99\common\sprcadd.c
		___flsub       		CODE           	4FD4	0000	70
		___fladd       		CODE           	203C	0000	1216

C:\Program Files\Microchip\xc8\v2.45\pic\sources\c99\common\sprcadd.c estimated size: 1286

mcc_generated_files/adcc.c
		_ADCC_Initialize		CODE           	4CD2	0000	92

mcc_generated_files/adcc.c estimated size: 92

main.c
		_Timer1S_callback		CODE           	4DE6	0000	90
		_main          		CODE           	3CDC	0000	234

main.c estimated size: 324

C:\Program Files\Microchip\xc8\v2.45\pic\sources\c99\common\fltol.c
		___fltol       		CODE           	3AD2	0000	262

C:\Program Files\Microchip\xc8\v2.45\pic\sources\c99\common\fltol.c estimated size: 262

